[fundyourfuture.jpmorgan.com/es/es/adviser/2/index.html]
[backblue.gif]
[fade.gif]
[index.html]
[fundyourfuture.jpmorgan.com/wp-content/themes/jpm-vin-v2/vendor/jquery.fullpagea288.css]
[fundyourfuture.jpmorgan.com/wp-content/themes/jpm-vin-v2/vendor/jquery-uia288.css]
[fundyourfuture.jpmorgan.com/wp-content/themes/jpm-vin-v2/vendor/chartist.mina288.css]
[fundyourfuture.jpmorgan.com/wp-content/themes/jpm-vin-v2/stylea288.css]
[animate.adobe.com/runtime/6.0.0/edge.6.0.0.mina288.js]
[fundyourfuture.jpmorgan.com/wp-content/themes/jpm-vin-v2/images/logo.png]
[fundyourfuture.jpmorgan.com/wp-content/themes/jpm-vin-v2/images/animate-2-home.png]
[fundyourfuture.jpmorgan.com/wp-content/themes/jpm-vin-v2/images/new-img-2.png]
[fundyourfuture.jpmorgan.com/wp-content/themes/jpm-vin-v2/images/no-animate-images/image-life-expectancy.png]
[fundyourfuture.jpmorgan.com/wp-content/themes/jpm-vin-v2/images/no-animate-images/image-dependents-1.png]
[fundyourfuture.jpmorgan.com/wp-content/themes/jpm-vin-v2/images/no-animate-images/image-dependents-2.png]
[fundyourfuture.jpmorgan.com/wp-content/themes/jpm-vin-v2/images/no-animate-images/image-dependents-3.png]
[fundyourfuture.jpmorgan.com/wp-content/themes/jpm-vin-v2/images/no-animate-images/image-objectives.png]
[fundyourfuture.jpmorgan.com/wp-content/themes/jpm-vin-v2/images/no-animate-images/image-inflation.png]
[fundyourfuture.jpmorgan.com/wp-content/themes/jpm-vin-v2/images/nb1.png]
[fundyourfuture.jpmorgan.com/wp-content/themes/jpm-vin-v2/images/nb2.png]
[fundyourfuture.jpmorgan.com/wp-content/themes/jpm-vin-v2/images/nb3.png]
[fundyourfuture.jpmorgan.com/wp-content/themes/jpm-vin-v2/images/no-animate-images/image-start-early.png]
[fundyourfuture.jpmorgan.com/wp-content/themes/jpm-vin-v2/images/no-animate-images/image-start-early-1.png]
[fundyourfuture.jpmorgan.com/wp-content/themes/jpm-vin-v2/images/no-animate-images/image-diversify.png]
[fundyourfuture.jpmorgan.com/wp-content/themes/jpm-vin-v2/images/no-animate-images/image-stick-with-it.png]
[fundyourfuture.jpmorgan.com/wp-content/themes/jpm-vin-v2/vendor/mobile-detect.mina288.js]
[fundyourfuture.jpmorgan.com/wp-content/themes/jpm-vin-v2/vendor/jquery.mina288.js]
[fundyourfuture.jpmorgan.com/wp-content/themes/jpm-vin-v2/vendor/jquery.mobile.custom.mina288.js]
[fundyourfuture.jpmorgan.com/wp-content/themes/jpm-vin-v2/vendor/d3.mina288.js]
[fundyourfuture.jpmorgan.com/wp-content/themes/jpm-vin-v2/vendor/jquery.slimscroll.mina288.js]
[fundyourfuture.jpmorgan.com/wp-content/themes/jpm-vin-v2/vendor/jquery.fullpagea288.js]
[fundyourfuture.jpmorgan.com/wp-content/themes/jpm-vin-v2/vendor/jquery.ui.touch-punch.mina288.js]
[fundyourfuture.jpmorgan.com/wp-content/themes/jpm-vin-v2/vendor/jquery-uia288.js]
[fundyourfuture.jpmorgan.com/wp-content/themes/jpm-vin-v2/vendor/diversify_chart_d3a288.js]
[fundyourfuture.jpmorgan.com/wp-content/themes/jpm-vin-v2/vendor/chartist-and-pluginsa288.js]
[fundyourfuture.jpmorgan.com/wp-content/themes/jpm-vin-v2/vendor/Charta288.js]
[fundyourfuture.jpmorgan.com/wp-content/themes/jpm-vin-v2/vendor/doughnutita288.js]
[fundyourfuture.jpmorgan.com/wp-content/themes/jpm-vin-v2/main.mina288.js]
[fundyourfuture.jpmorgan.com/es/es/adviser/2/index.html]
[fundyourfuture.jpmorgan.com/wp-content/themes/jpm-vin-v2/vendor/jquery.fullpagea288.css]
[fundyourfuture.jpmorgan.com/wp-content/themes/jpm-vin-v2/vendor/jquery-uia288.css]
[fundyourfuture.jpmorgan.com/wp-content/themes/jpm-vin-v2/vendor/chartist.mina288.css]
[fundyourfuture.jpmorgan.com/wp-includes/js/wp-embed.mina288.js]
[fundyourfuture.jpmorgan.com/wp-content/themes/jpm-vin-v2/images/background-nbs.jpg]
[fundyourfuture.jpmorgan.com/wp-content/themes/jpm-vin-v2/images/animate-1-home.png]
[fundyourfuture.jpmorgan.com/wp-content/themes/jpm-vin-v2/images/1-fs8.png]
[fundyourfuture.jpmorgan.com/wp-content/themes/jpm-vin-v2/images/2-fs8.png]
[fundyourfuture.jpmorgan.com/wp-content/themes/jpm-vin-v2/images/3-fs8.png]
[fundyourfuture.jpmorgan.com/wp-content/themes/jpm-vin-v2/images/4-fs8.png]
[fundyourfuture.jpmorgan.com/wp-content/themes/jpm-vin-v2/images/bird-and-circle-fs8.png]
[fundyourfuture.jpmorgan.com/wp-content/themes/jpm-vin-v2/images/background-nbs-ipad.jpg]
[fundyourfuture.jpmorgan.com/wp-content/themes/jpm-vin-v2/stylea288.css]
[www.googletagmanager.com/gtm5445.html]
